23:19:00 **** Incremental Build of configuration Debug for project VideoSW ****
make all 
make --no-print-directory pre-build
a9-linaro-pre-build-step
' '
make --no-print-directory main-build
'Building target: VideoSW.elf'
'Invoking: ARM v7 g++ linker'
arm-none-eabi-g++ -mcpu=cortex-a9 -mfpu=vfpv3 -mfloat-abi=hard -Wl,-build-id=none -specs=Xilinx.spec -Wl,-T -Wl,../src/lscript.ld -LC:/Users/Christopher/Desktop/FinalProject/ENSC_452/AudioLabReal/FinalProject/export/FinalProject/sw/FinalProject/standalone_ps7_cortexa9_1/bsplib/lib -o "VideoSW.elf"  ./src/main.o   -Wl,--start-group,-lxil,-lgcc,-lc,-lstdc++,--end-group
'Finished building target: VideoSW.elf'
' '
'Invoking: ARM v7 Print Size'
arm-none-eabi-size VideoSW.elf  |tee "VideoSW.elf.size"
   text	   data	    bss	    dec	    hex	filename
  42608	   2984	2234504	2280096	 22caa0	VideoSW.elf
'Finished building: VideoSW.elf.size'
' '

23:19:01 Build Finished (took 834ms)

