22:46:17 **** Incremental Build of configuration Debug for project VideoSW ****
make all 
make --no-print-directory pre-build
a9-linaro-pre-build-step
' '
make --no-print-directory main-build
'Building file: ../src/main.cc'
'Invoking: ARM v7 g++ compiler'
arm-none-eabi-g++ -Wall -O0 -g3 -c -fmessage-length=0 -MT"src/main.o" -mcpu=cortex-a9 -mfpu=vfpv3 -mfloat-abi=hard -IC:/Users/Christopher/Desktop/FinalProject/ENSC_452/AudioLabReal/FinalProject/export/FinalProject/sw/FinalProject/standalone_ps7_cortexa9_1/bspinclude/include -MMD -MP -MF"src/main.d" -MT"src/main.o" -o "src/main.o" "../src/main.cc"
../src/main.cc: In function 'void menu(int*)':
../src/main.cc:117:2: warning: this 'while' clause does not guard... [-Wmisleading-indentation]
  117 |  while (!XUartPs_IsReceiveData(UART_BASEADDR));
      |  ^~~~~
../src/main.cc:118:3: note: ...this statement, but the latter is misleadingly indented as if it were guarded by the 'while'
  118 |   inp = XUartPs_ReadReg(UART_BASEADDR, XUARTPS_FIFO_OFFSET);
      |   ^~~
../src/main.cc: In function 'int main()':
../src/main.cc:163:6: warning: variable 'xStatus' set but not used [-Wunused-but-set-variable]
  163 |  int xStatus;
      |      ^~~~~~~
../src/main.cc:188:6: warning: unused variable 'loop' [-Wunused-variable]
  188 |  int loop = 0;
      |      ^~~~
../src/main.cc: In function 'void menu(int*)':
../src/main.cc:108:23: warning: 'CntrlRegister' is used uninitialized in this function [-Wuninitialized]
  108 |       ((CntrlRegister & ~XUARTPS_CR_EN_DIS_MASK) |
      |                       ^
'Finished building: ../src/main.cc'
' '
'Building target: VideoSW.elf'
'Invoking: ARM v7 g++ linker'
arm-none-eabi-g++ -mcpu=cortex-a9 -mfpu=vfpv3 -mfloat-abi=hard -Wl,-build-id=none -specs=Xilinx.spec -Wl,-T -Wl,../src/lscript.ld -LC:/Users/Christopher/Desktop/FinalProject/ENSC_452/AudioLabReal/FinalProject/export/FinalProject/sw/FinalProject/standalone_ps7_cortexa9_1/bsplib/lib -o "VideoSW.elf"  ./src/A_note.o ./src/gh_gameplay.o ./src/gh_menu.o ./src/gh_pause.o ./src/main.o   -Wl,--start-group,-lxil,-lgcc,-lc,-lstdc++,--end-group
'Finished building target: VideoSW.elf'
' '
'Invoking: ARM v7 Print Size'
arm-none-eabi-size VideoSW.elf  |tee "VideoSW.elf.size"
   text	   data	    bss	    dec	    hex	filename
15791056	   3000	2234504	18028560	1131810	VideoSW.elf
'Finished building: VideoSW.elf.size'
' '

22:46:18 Build Finished (took 1s.376ms)

