22:29:10 **** Incremental Build of configuration Debug for project video ****
make all 
make --no-print-directory pre-build
a9-linaro-pre-build-step
' '
make --no-print-directory main-build
'Building file: ../src/main_menu.cpp'
'Invoking: ARM v7 g++ compiler'
arm-none-eabi-g++ -Wall -O0 -g3 -c -fmessage-length=0 -MT"src/main_menu.o" -mcpu=cortex-a9 -mfpu=vfpv3 -mfloat-abi=hard -IC:/Users/Christopher/Desktop/FP/ENSC_452/FP/Test_Project_2/export/Test_Project_2/sw/Test_Project_2/standalone_ps7_cortexa9_1/bspinclude/include -MMD -MP -MF"src/main_menu.d" -MT"src/main_menu.o" -o "src/main_menu.o" "../src/main_menu.cpp"
In file included from ../src/main_menu.h:4,
                 from ../src/main_menu.cpp:1:
C:/Users/Christopher/Desktop/FP/ENSC_452/FP/Test_Project_2/export/Test_Project_2/sw/Test_Project_2/standalone_ps7_cortexa9_1/bspinclude/include/xtime_l.h:65:70: note: #pragma message: For the sleep routines, Global timer is being used
   65 | #pragma message ("For the sleep routines, Global timer is being used")
      |                                                                      ^
../src/main_menu.cpp: In member function 'void Game::gameplay(char*)':
../src/main_menu.cpp:890:18: warning: comparison of integer expressions of different signedness: 'uint32_t' {aka 'long unsigned int'} and 'int' [-Wsign-compare]
  890 |   if (sleep_time > frame_time) sleep_time = frame_time;
      |       ~~~~~~~~~~~^~~~~~~~~~~~
../src/main_menu.cpp:351:6: warning: variable 'succesful_hit_flag' set but not used [-Wunused-but-set-variable]
  351 |  int succesful_hit_flag = 0;
      |      ^~~~~~~~~~~~~~~~~~
'Finished building: ../src/main_menu.cpp'
' '
'Building target: video.elf'
'Invoking: ARM v7 g++ linker'
arm-none-eabi-g++ -mcpu=cortex-a9 -mfpu=vfpv3 -mfloat-abi=hard -Wl,-build-id=none -specs=Xilinx.spec -Wl,-T -Wl,../src/lscript.ld -LC:/Users/Christopher/Desktop/FP/ENSC_452/FP/Test_Project_2/export/Test_Project_2/sw/Test_Project_2/standalone_ps7_cortexa9_1/bsplib/lib -o "video.elf"  ./src/A_note.o ./src/AudioControl.o ./src/D_note.o ./src/F_note.o ./src/Note.o ./src/NoteManager.o ./src/S_note.o ./src/americanfootball_left.o ./src/americanfootball_right.o ./src/arrow.o ./src/audio.o ./src/background_colour.o ./src/black_lanes.o ./src/cringe.o ./src/eight.o ./src/five.o ./src/four.o ./src/gh_gameplay.o ./src/gh_highscores.o ./src/gh_level_select.o ./src/gh_menu.o ./src/gh_pause.o ./src/gh_sound_settings.o ./src/input.o ./src/main.o ./src/main_menu.o ./src/nice_menu.o ./src/nine.o ./src/one.o ./src/seven.o ./src/six.o ./src/something_left.o ./src/something_right.o ./src/three.o ./src/two.o ./src/yay.o ./src/zero.o   -Wl,--start-group,-lxil,-lgcc,-lc,-lstdc++,--end-group
'Finished building target: video.elf'
' '
'Invoking: ARM v7 Print Size'
arm-none-eabi-size video.elf  |tee "video.elf.size"
   text	   data	    bss	    dec	    hex	filename
84864695	   3648	2241076	87109419	5312f2b	video.elf
'Finished building: video.elf.size'
' '

22:29:13 Build Finished (took 2s.548ms)

